07:28:57 **** Incremental Build of configuration Debug for project 020_SDRAM_test ****
make -j12 all 
arm-none-eabi-gcc "../Core/Src/main.c" -mcpu=cortex-m4 -std=gnu11 -g3 -DDEBUG -DUSE_HAL_DRIVER -DSTM32F429xx -c -I../Core/Inc -I../Drivers/STM32F4xx_HAL_Driver/Inc -I../Drivers/STM32F4xx_HAL_Driver/Inc/Legacy -I../Drivers/CMSIS/Device/ST/STM32F4xx/Include -I../Drivers/CMSIS/Include -O0 -ffunction-sections -fdata-sections -Wall -fstack-usage -fcyclomatic-complexity -MMD -MP -MF"Core/Src/main.d" -MT"Core/Src/main.o" --specs=nano.specs -mfpu=fpv4-sp-d16 -mfloat-abi=hard -mthumb -o "Core/Src/main.o"
../Core/Src/main.c: In function 'main':
../Core/Src/main.c:107:9: warning: implicit declaration of function 'srand' [-Wimplicit-function-declaration]
  107 |         srand(HAL_GetTick());
      |         ^~~~~
../Core/Src/main.c:109:26: warning: implicit declaration of function 'rand' [-Wimplicit-function-declaration]
  109 |                 tab[i] = rand() % 0x100;
      |                          ^~~~
../Core/Src/main.c:102:18: warning: variable 'test_err' set but not used [-Wunused-but-set-variable]
  102 |         uint32_t test_err[0x100] = { 0 };
      |                  ^~~~~~~~
arm-none-eabi-gcc -o "020_SDRAM_test.elf" @"objects.list"   -mcpu=cortex-m4 -T"D:\__GitHub\discoF429\STM32CubeIDE\020_SDRAM_test\STM32F429ZITX_FLASH.ld" --specs=nosys.specs -Wl,-Map="020_SDRAM_test.map" -Wl,--gc-sections -static --specs=nano.specs -mfpu=fpv4-sp-d16 -mfloat-abi=hard -mthumb -Wl,--start-group -lc -lm -Wl,--end-group
Finished building target: 020_SDRAM_test.elf
 
arm-none-eabi-size   020_SDRAM_test.elf 
arm-none-eabi-objdump -h -S  020_SDRAM_test.elf  > "020_SDRAM_test.list"
   text	   data	    bss	    dec	    hex	filename
  12804	    112	   1960	  14876	   3a1c	020_SDRAM_test.elf
Finished building: default.size.stdout
 
Finished building: 020_SDRAM_test.list
 

07:28:58 Build Finished. 0 errors, 3 warnings. (took 582ms)

